// Jest Snapshot v1, https://goo.gl/fbAQLP

exports[`<Header /> matches snapshot 1`] = `
<div>
  <header
    class="css-1eal7hw"
  >
    <ul
      class="css-lqika9"
    >
      <li
        class="css-0"
      >
        <a
          href="/"
        >
          <img
            alt="MJU Likelion Logo"
            class="css-1f0ylk0"
            src="https://mju-likelion.s3.ap-northeast-2.amazonaws.com/static/basiclogo_E_H_W.png"
          />
        </a>
      </li>
    </ul>
  </header>
</div>
`;
